11:08:08 **** Incremental Build of configuration Debug for project LED_blink ****
Info: Internal Builder is used for build
arm-atollic-eabi-gcc -c -mthumb -mcpu=cortex-m7 -mfloat-abi=hard -mfpu=fpv5-sp-d16 -std=gnu11 -D__weak=__attribute__((weak)) -D__packed=__attribute__((__packed__)) -DUSE_HAL_DRIVER -DSTM32F746xx -I../Inc -I../Drivers/STM32F7xx_HAL_Driver/Inc -I../Drivers/STM32F7xx_HAL_Driver/Inc/Legacy -I../Drivers/CMSIS/Device/ST/STM32F7xx/Include -I../Drivers/CMSIS/Include -ffunction-sections -fdata-sections -g -fstack-usage -Wall -specs=nano.specs -o Src\main.o ..\Src\main.c 
arm-atollic-eabi-gcc -o LED_blink.elf Drivers\STM32F7xx_HAL_Driver\Src\stm32f7xx_hal.o Drivers\STM32F7xx_HAL_Driver\Src\stm32f7xx_hal_cortex.o Drivers\STM32F7xx_HAL_Driver\Src\stm32f7xx_hal_dma.o Drivers\STM32F7xx_HAL_Driver\Src\stm32f7xx_hal_dma_ex.o Drivers\STM32F7xx_HAL_Driver\Src\stm32f7xx_hal_flash.o Drivers\STM32F7xx_HAL_Driver\Src\stm32f7xx_hal_flash_ex.o Drivers\STM32F7xx_HAL_Driver\Src\stm32f7xx_hal_gpio.o Drivers\STM32F7xx_HAL_Driver\Src\stm32f7xx_hal_i2c.o Drivers\STM32F7xx_HAL_Driver\Src\stm32f7xx_hal_i2c_ex.o Drivers\STM32F7xx_HAL_Driver\Src\stm32f7xx_hal_pwr.o Drivers\STM32F7xx_HAL_Driver\Src\stm32f7xx_hal_pwr_ex.o Drivers\STM32F7xx_HAL_Driver\Src\stm32f7xx_hal_rcc.o Drivers\STM32F7xx_HAL_Driver\Src\stm32f7xx_hal_rcc_ex.o Drivers\STM32F7xx_HAL_Driver\Src\stm32f7xx_hal_tim.o Drivers\STM32F7xx_HAL_Driver\Src\stm32f7xx_hal_tim_ex.o Src\main.o Src\stm32f7xx_hal_msp.o Src\stm32f7xx_it.o Src\system_stm32f7xx.o startup\startup_stm32f746xx.o -mthumb -mcpu=cortex-m7 -mfloat-abi=hard -mfpu=fpv5-sp-d16 -T../STM32F746ZG_FLASH.ld -specs=nosys.specs -static -Wl,-Map=LED_blink.map -Wl,--gc-sections -Wl,--defsym=malloc_getpagesize_P=0x80 -Wl,--start-group -lc -lm -Wl,--end-group -specs=nano.specs 
C:\Program Files (x86)\Atollic\TrueSTUDIO for STM32 9.0.1\ide\jre\bin\java -jar C:\Program Files (x86)\Atollic\TrueSTUDIO for STM32 9.0.1\Tools\arm-atollic-reports.jar sizeinfo list LED_blink.elf 
Generate build reports...
Print size information
   text	   data	    bss	    dec	    hex	filename
   6528	     20	   1568	   8116	   1fb4	LED_blink.elf
Print size information done
Generate listing file
Output sent to: LED_blink.list
Generate listing file done
Generate build reports done
arm-atollic-eabi-objcopy.exe -O ihex LED_blink.elf LED_blink.hex 
Info: Nothing to build for LED_blink
